---
source: src/metadata/mod.rs
expression: snapshot
---
Date (JST):     01-03-2025 20:00             
Zodiac:         Pisces ♓                    
Lunar Phase:    Waxing Crescent              
Latitude:       35° 41' 24.00"               
Longitude:      139° 41' 24.00"              
Elapsed Time:   000 years, 000 days, 00:00:00
Speed:          0x (paused)                  
continuations:
.............................................
........................>....................
.............................................
.............................................
.............................................
.............................................
.............................................
colors: all default
